body     : {"destination":"Uab9c49b4bdb8e9893503019b20dbf80b","events":[]}
recv_sig : xIeyA6QbAlTuKpaUVk8Tlx9ZQkrFLNx5cfL3l5bPYlk=
calc_sig : xIeyA6QbAlTuKpaUVk8Tlx9ZQkrFLNx5cfL3l5bPYlk=
match    : True
---
body     : {"destination":"Uab9c49b4bdb8e9893503019b20dbf80b","events":[{"type":"message","
recv_sig : iUUtKo3BFGy1uCIyTPWVanOlsghgjFb/FHg2ec5zdPE=
calc_sig : iUUtKo3BFGy1uCIyTPWVanOlsghgjFb/FHg2ec5zdPE=
match    : True
---
body     : {"destination":"Uab9c49b4bdb8e9893503019b20dbf80b","events":[{"type":"message","
recv_sig : IOYkX8oJhrkjEQCDirCPfV+e682DLG3BGdS9Psx5GzQ=
calc_sig : IOYkX8oJhrkjEQCDirCPfV+e682DLG3BGdS9Psx5GzQ=
match    : True
---
body     : {"destination":"Uab9c49b4bdb8e9893503019b20dbf80b","events":[{"type":"message","
recv_sig : gSNUruDhFQewoi2xKktZz4fm1dvTzFcASysMOq+mzvs=
calc_sig : gSNUruDhFQewoi2xKktZz4fm1dvTzFcASysMOq+mzvs=
match    : True
---
body     : {"destination":"Uab9c49b4bdb8e9893503019b20dbf80b","events":[{"type":"message","
recv_sig : QOqAVUN5yn32JozWFpnGo36WHLKrhCko7qrZD0lGH1g=
calc_sig : QOqAVUN5yn32JozWFpnGo36WHLKrhCko7qrZD0lGH1g=
match    : True
---
body     : {"destination":"Uab9c49b4bdb8e9893503019b20dbf80b","events":[{"type":"message","
recv_sig : xaL14rh/0dcNW1Hxo//416ySWuH4+SWB+bxREcOTHR0=
calc_sig : xaL14rh/0dcNW1Hxo//416ySWuH4+SWB+bxREcOTHR0=
match    : True
---
body     : {"destination":"Uab9c49b4bdb8e9893503019b20dbf80b","events":[{"type":"message","
recv_sig : CKDu5oT3K0QIgPNWSeOgzVF3s7vF+uUTg3S9FbipeDk=
calc_sig : CKDu5oT3K0QIgPNWSeOgzVF3s7vF+uUTg3S9FbipeDk=
match    : True
---
body     : {"destination":"Uab9c49b4bdb8e9893503019b20dbf80b","events":[{"type":"message","
recv_sig : dqYiZ034N217rMylluSXMUFKV0sVWGM4+IDiSyKer8Q=
calc_sig : dqYiZ034N217rMylluSXMUFKV0sVWGM4+IDiSyKer8Q=
match    : True
---
body     : {"destination":"Uab9c49b4bdb8e9893503019b20dbf80b","events":[{"type":"message","
recv_sig : kwIKFtTr1pwM7DO1WLLKQ+TFL1LJoiDDODWFmNr5ZMM=
calc_sig : kwIKFtTr1pwM7DO1WLLKQ+TFL1LJoiDDODWFmNr5ZMM=
match    : True
---
body     : {"destination":"Uab9c49b4bdb8e9893503019b20dbf80b","events":[{"type":"message","
recv_sig : nSnIANiSHv/euWOmgaYWdUqxKShya2U51wV5sgNHKgU=
calc_sig : nSnIANiSHv/euWOmgaYWdUqxKShya2U51wV5sgNHKgU=
match    : True
---
body     : {"destination":"Uab9c49b4bdb8e9893503019b20dbf80b","events":[{"type":"message","
recv_sig : /dS9um2xd39GVGHdyRLJNQMq0NewWY545W4SX0enNrA=
calc_sig : /dS9um2xd39GVGHdyRLJNQMq0NewWY545W4SX0enNrA=
match    : True
---
body     : {"destination":"Uab9c49b4bdb8e9893503019b20dbf80b","events":[{"type":"message","
recv_sig : 8pIi/nQC5CsfhrcgFIDRh6jvwYc1E7Aw6udGGs9EzVM=
calc_sig : 8pIi/nQC5CsfhrcgFIDRh6jvwYc1E7Aw6udGGs9EzVM=
match    : True
---
body     : {"destination":"Uab9c49b4bdb8e9893503019b20dbf80b","events":[{"type":"message","
recv_sig : v9gOKlHKiegHQsQ9e6MLsXAhw7z5wAC/4HJmWM67mOk=
calc_sig : v9gOKlHKiegHQsQ9e6MLsXAhw7z5wAC/4HJmWM67mOk=
match    : True
---
body     : {"destination":"Uab9c49b4bdb8e9893503019b20dbf80b","events":[{"type":"message","
recv_sig : 2sYbpzZer6O7q+gwP3rFc2fMYeVCwJ5GPp4dFeVLDp0=
calc_sig : 2sYbpzZer6O7q+gwP3rFc2fMYeVCwJ5GPp4dFeVLDp0=
match    : True
---
body     : {"destination":"Uab9c49b4bdb8e9893503019b20dbf80b","events":[{"type":"message","
recv_sig : /4aHo4l90zmLBJUZly0Va7QU+tthA4Tr+3TLvkVIAuQ=
calc_sig : /4aHo4l90zmLBJUZly0Va7QU+tthA4Tr+3TLvkVIAuQ=
match    : True
---
body     : {"destination":"Uab9c49b4bdb8e9893503019b20dbf80b","events":[{"type":"message","
recv_sig : XTkFzXv9pdQQcCB3PVf/wkASFkhRubTuBmuvAM7xBlw=
calc_sig : XTkFzXv9pdQQcCB3PVf/wkASFkhRubTuBmuvAM7xBlw=
match    : True
---
body     : {"destination":"Uab9c49b4bdb8e9893503019b20dbf80b","events":[{"type":"message","
recv_sig : qzEXIH5C9BW1vaqdyGjNKyHyDFGW2hbkD4fAfKXkZiE=
calc_sig : qzEXIH5C9BW1vaqdyGjNKyHyDFGW2hbkD4fAfKXkZiE=
match    : True
---
body     : {"destination":"Uab9c49b4bdb8e9893503019b20dbf80b","events":[{"type":"message","
recv_sig : 2dl5kVhT0/ae1xtH5D+YcmNYV0p5d9kDSvn6DQ1wDM0=
calc_sig : 2dl5kVhT0/ae1xtH5D+YcmNYV0p5d9kDSvn6DQ1wDM0=
match    : True
---
